2020-02-19T00:31:16.873+0800: [GC (Metadata GC Threshold) [PSYoungGen: 387244K->33938K(600576K)] 387244K->34026K(1972736K), 0.0268231 secs] [Times: user=0.15 sys=0.06, real=0.03 secs] 
2020-02-19T00:31:16.900+0800: [Full GC (Metadata GC Threshold) [PSYoungGen: 33938K->0K(600576K)] [ParOldGen: 88K->33044K(962560K)] 34026K->33044K(1563136K), [Metaspace: 20742K->20742K(1067008K)], 0.1151168 secs] [Times: user=2.80 sys=0.07, real=0.12 secs] 
2020-02-19T00:31:18.458+0800: [GC (Allocation Failure) [PSYoungGen: 515072K->85494K(728064K)] 548116K->165487K(1690624K), 0.0467682 secs] [Times: user=0.32 sys=1.07, real=0.05 secs] 
2020-02-19T00:31:18.916+0800: [GC (Allocation Failure) [PSYoungGen: 728054K->85476K(998400K)] 808047K->210402K(1960960K), 0.0500828 secs] [Times: user=0.34 sys=1.35, real=0.05 secs] 
2020-02-19T00:31:19.410+0800: [GC (Allocation Failure) [PSYoungGen: 998372K->512K(1030656K)] 1123298K->251016K(1993216K), 0.0491580 secs] [Times: user=0.48 sys=1.02, real=0.05 secs] 
2020-02-19T00:31:19.922+0800: [GC (Allocation Failure) [PSYoungGen: 1030656K->51210K(1115648K)] 1281160K->301714K(2078208K), 0.0117672 secs] [Times: user=0.16 sys=0.03, real=0.01 secs] 
2020-02-19T00:31:20.464+0800: [GC (Allocation Failure) [PSYoungGen: 1081354K->157378K(1632256K)] 1331858K->407890K(2594816K), 0.0849494 secs] [Times: user=0.21 sys=2.99, real=0.08 secs] 
2020-02-19T00:31:21.182+0800: [GC (Allocation Failure) [PSYoungGen: 1607874K->203241K(1653760K)] 1858386K->476828K(2616320K), 0.1442041 secs] [Times: user=0.52 sys=4.55, real=0.14 secs] 
2020-02-19T00:31:22.021+0800: [GC (Allocation Failure) [PSYoungGen: 1653737K->239102K(2508288K)] 1927324K->603620K(3470848K), 0.1800686 secs] [Times: user=0.38 sys=5.34, real=0.18 secs] 
2020-02-19T00:31:24.747+0800: [GC (Allocation Failure) [PSYoungGen: 2508286K->276980K(2546176K)] 2872804K->704310K(3508736K), 0.1711064 secs] [Times: user=0.37 sys=6.71, real=0.17 secs] 
2020-02-19T00:31:29.793+0800: [GC (Allocation Failure) [PSYoungGen: 2546164K->242535K(3123712K)] 2973494K->719077K(4086272K), 0.1112650 secs] [Times: user=1.88 sys=1.58, real=0.11 secs] 
2020-02-19T00:31:35.683+0800: [GC (Allocation Failure) [PSYoungGen: 3021671K->172156K(2951680K)] 3498213K->712080K(3914240K), 0.0430701 secs] [Times: user=0.27 sys=1.17, real=0.04 secs] 
2020-02-19T00:31:36.273+0800: [GC (Metadata GC Threshold) [PSYoungGen: 440121K->73066K(3136000K)] 980045K->705605K(4098560K), 0.0573047 secs] [Times: user=0.33 sys=1.78, real=0.06 secs] 
2020-02-19T00:31:36.330+0800: [Full GC (Metadata GC Threshold) [PSYoungGen: 73066K->0K(3136000K)] [ParOldGen: 632538K->680127K(2058752K)] 705605K->680127K(5194752K), [Metaspace: 34784K->34784K(1079296K)], 0.1549652 secs] [Times: user=3.53 sys=0.12, real=0.16 secs] 
2020-02-19T00:31:42.206+0800: [GC (Allocation Failure) [PSYoungGen: 2794496K->8894K(3133952K)] 3474623K->689021K(5192704K), 0.0154335 secs] [Times: user=0.31 sys=0.06, real=0.02 secs] 
2020-02-19T00:31:48.154+0800: [GC (Allocation Failure) [PSYoungGen: 2803390K->12574K(3145728K)] 3483517K->692709K(5204480K), 0.0113237 secs] [Times: user=0.26 sys=0.00, real=0.01 secs] 
2020-02-19T00:31:53.842+0800: [GC (Allocation Failure) [PSYoungGen: 2812190K->13822K(2813440K)] 3492325K->694061K(4872192K), 0.0179079 secs] [Times: user=0.51 sys=0.00, real=0.01 secs] 
2020-02-19T00:32:02.603+0800: [GC (Allocation Failure) [PSYoungGen: 2813438K->69994K(3161088K)] 3493677K->750242K(5219840K), 0.0498747 secs] [Times: user=1.49 sys=0.01, real=0.04 secs] 
2020-02-19T00:32:10.213+0800: [GC (Allocation Failure) [PSYoungGen: 2885994K->330226K(3146240K)] 3566242K->1275505K(5204992K), 0.4979612 secs] [Times: user=8.15 sys=10.73, real=0.50 secs] 
2020-02-19T00:32:18.683+0800: [GC (Allocation Failure) [PSYoungGen: 3146226K->348644K(2430464K)] 4091505K->1785981K(4489216K), 0.5544104 secs] [Times: user=7.51 sys=15.51, real=0.55 secs] 
2020-02-19T00:32:23.948+0800: [GC (Allocation Failure) [PSYoungGen: 2430436K->258685K(2788352K)] 3867773K->1698259K(4847104K), 0.0966973 secs] [Times: user=3.09 sys=0.08, real=0.10 secs] 
2020-02-19T00:32:29.439+0800: [GC (Allocation Failure) [PSYoungGen: 2340477K->669693K(2565120K)] 3780051K->2140814K(4623872K), 0.1758652 secs] [Times: user=5.37 sys=0.84, real=0.18 secs] 
2020-02-19T00:32:34.821+0800: [GC (Allocation Failure) [PSYoungGen: 2565117K->402657K(2695168K)] 4036238K->2540663K(4841472K), 0.6722121 secs] [Times: user=9.78 sys=17.13, real=0.68 secs] 
2020-02-19T00:32:35.493+0800: [Full GC (Ergonomics) [PSYoungGen: 402657K->0K(2695168K)] [ParOldGen: 2138005K->1775608K(3795456K)] 2540663K->1775608K(6490624K), [Metaspace: 42232K->42232K(1087488K)], 0.4851396 secs] [Times: user=18.15 sys=0.03, real=0.48 secs] 
2020-02-19T00:32:40.098+0800: [GC (Allocation Failure) [PSYoungGen: 1895424K->180893K(2625536K)] 3671032K->1956510K(6420992K), 0.0846982 secs] [Times: user=2.44 sys=0.02, real=0.09 secs] 
2020-02-19T00:32:45.878+0800: [GC (Allocation Failure) [PSYoungGen: 2082461K->330192K(2663424K)] 3858078K->2282398K(6458880K), 0.1658576 secs] [Times: user=5.97 sys=0.06, real=0.17 secs] 
2020-02-19T00:32:51.634+0800: [GC (Allocation Failure) [PSYoungGen: 2231760K->361968K(2691584K)] 4183966K->2642032K(6487040K), 0.2788445 secs] [Times: user=7.16 sys=3.77, real=0.27 secs] 
2020-02-19T00:32:55.509+0800: [GC (Allocation Failure) [PSYoungGen: 2362352K->203117K(2716672K)] 4642416K->2844628K(6512128K), 0.4281174 secs] [Times: user=5.98 sys=11.50, real=0.43 secs] 
2020-02-19T00:32:56.644+0800: [GC (Allocation Failure) [PSYoungGen: 2203501K->152512K(2743808K)] 4845012K->2844245K(6539264K), 0.0778414 secs] [Times: user=1.18 sys=1.86, real=0.08 secs] 
2020-02-19T00:32:57.333+0800: [GC (Allocation Failure) [PSYoungGen: 2241984K->136848K(2760192K)] 4933717K->2828724K(6555648K), 0.0135215 secs] [Times: user=0.30 sys=0.00, real=0.01 secs] 
2020-02-19T00:32:57.803+0800: [GC (Allocation Failure) [PSYoungGen: 2226320K->26963K(2823680K)] 4918196K->2814729K(6619136K), 0.0346244 secs] [Times: user=0.18 sys=0.94, real=0.03 secs] 
2020-02-19T00:32:58.673+0800: [GC (Allocation Failure) [PSYoungGen: 2197331K->153202K(2323968K)] 4985097K->2962896K(6119424K), 0.0295705 secs] [Times: user=0.48 sys=0.42, real=0.03 secs] 
2020-02-19T00:32:59.327+0800: [GC (Allocation Failure) [PSYoungGen: 2323570K->27981K(2819584K)] 5133264K->2838103K(6615040K), 0.0192963 secs] [Times: user=0.28 sys=0.01, real=0.02 secs] 
2020-02-19T00:33:00.246+0800: [GC (Allocation Failure) [PSYoungGen: 2222413K->150771K(2813440K)] 5032535K->2962598K(6608896K), 0.0157614 secs] [Times: user=0.27 sys=0.04, real=0.02 secs] 
2020-02-19T00:33:01.172+0800: [GC (Allocation Failure) [PSYoungGen: 2345203K->153357K(2845184K)] 5157030K->3081572K(6640640K), 0.0481769 secs] [Times: user=0.63 sys=0.93, real=0.05 secs] 
2020-02-19T00:33:02.003+0800: [GC (Allocation Failure) [PSYoungGen: 2434829K->217K(2838016K)] 5363044K->3046235K(6633472K), 0.0844896 secs] [Times: user=0.35 sys=2.73, real=0.08 secs] 
Heap
 PSYoungGen      total 2838016K, used 180