2020-02-19T00:31:16.826+0800: [GC (Metadata GC Threshold) [PSYoungGen: 387243K->34101K(600576K)] 387243K->34181K(1972736K), 0.0220549 secs] [Times: user=0.23 sys=0.05, real=0.02 secs] 
2020-02-19T00:31:16.848+0800: [Full GC (Metadata GC Threshold) [PSYoungGen: 34101K->0K(600576K)] [ParOldGen: 80K->33045K(974336K)] 34181K->33045K(1574912K), [Metaspace: 20733K->20733K(1067008K)], 0.1104749 secs] [Times: user=2.01 sys=0.06, real=0.11 secs] 
2020-02-19T00:31:19.263+0800: [GC (Allocation Failure) [PSYoungGen: 515072K->85483K(719360K)] 548117K->164563K(1693696K), 0.0678370 secs] [Times: user=1.10 sys=0.07, real=0.06 secs] 
2020-02-19T00:31:19.637+0800: [GC (Allocation Failure) [PSYoungGen: 719339K->85482K(1042432K)] 798419K->194546K(2016768K), 0.0667217 secs] [Times: user=0.90 sys=0.92, real=0.07 secs] 
2020-02-19T00:31:20.218+0800: [GC (Allocation Failure) [PSYoungGen: 1042410K->12285K(1042432K)] 1151474K->239571K(2016768K), 0.0445414 secs] [Times: user=0.18 sys=1.40, real=0.05 secs] 
2020-02-19T00:31:20.736+0800: [GC (Allocation Failure) [PSYoungGen: 1042429K->61849K(1115648K)] 1269715K->289143K(2089984K), 0.0110478 secs] [Times: user=0.12 sys=0.02, real=0.01 secs] 
2020-02-19T00:31:21.344+0800: [GC (Allocation Failure) [PSYoungGen: 1091993K->167933K(1655296K)] 1319287K->395235K(2629632K), 0.0548376 secs] [Times: user=0.20 sys=1.73, real=0.05 secs] 
2020-02-19T00:31:22.213+0800: [GC (Allocation Failure) [PSYoungGen: 1649661K->202224K(1683968K)] 1876963K->464535K(2658304K), 0.0697292 secs] [Times: user=0.31 sys=1.62, real=0.07 secs] 
2020-02-19T00:31:23.641+0800: [GC (Allocation Failure) [PSYoungGen: 1683952K->237029K(2380800K)] 1946263K->588645K(3355136K), 0.1803855 secs] [Times: user=0.45 sys=6.97, real=0.18 secs] 
2020-02-19T00:31:25.365+0800: [GC (Allocation Failure) [PSYoungGen: 2380773K->313339K(2457088K)] 2732389K->689034K(3431424K), 0.0793386 secs] [Times: user=0.54 sys=1.92, real=0.08 secs] 
2020-02-19T00:31:30.465+0800: [GC (Allocation Failure) [PSYoungGen: 2457083K->315068K(3053056K)] 2832778K->692055K(4027392K), 0.1415345 secs] [Times: user=0.54 sys=4.89, real=0.14 secs] 
2020-02-19T00:31:36.950+0800: [GC (Allocation Failure) [PSYoungGen: 2995900K->319695K(3000832K)] 3372887K->696683K(3975168K), 0.1727799 secs] [Times: user=0.55 sys=6.68, real=0.18 secs] 
2020-02-19T00:31:43.264+0800: [GC (Allocation Failure) [PSYoungGen: 3000527K->316278K(3017216K)] 3377515K->693274K(3991552K), 0.0599576 secs] [Times: user=0.99 sys=0.91, real=0.06 secs] 
2020-02-19T00:31:49.088+0800: [GC (Allocation Failure) [PSYoungGen: 2897782K->317135K(2898944K)] 3274778K->694131K(3873280K), 0.0338249 secs] [Times: user=0.82 sys=0.12, real=0.04 secs] 
2020-02-19T00:31:54.596+0800: [GC (Allocation Failure) [PSYoungGen: 2898639K->312991K(3002880K)] 3275635K->689994K(3977216K), 0.0466023 secs] [Times: user=0.95 sys=0.65, real=0.05 secs] 
2020-02-19T00:31:59.962+0800: [GC (Allocation Failure) [PSYoungGen: 2843295K->311135K(2841600K)] 3220298K->688138K(3815936K), 0.0336745 secs] [Times: user=1.12 sys=0.04, real=0.03 secs] 
2020-02-19T00:32:00.708+0800: [GC (Metadata GC Threshold) [PSYoungGen: 632168K->302098K(3007488K)] 1009172K->679109K(3981824K), 0.0600433 secs] [Times: user=1.28 sys=0.14, real=0.06 secs] 
2020-02-19T00:32:00.769+0800: [Full GC (Metadata GC Threshold) [PSYoungGen: 302098K->0K(3007488K)] [ParOldGen: 377011K->655616K(2170880K)] 679109K->655616K(5178368K), [Metaspace: 34803K->34803K(1079296K)], 0.1700968 secs] [Times: user=3.38 sys=0.61, real=0.17 secs] 
2020-02-19T00:32:08.354+0800: [GC (Allocation Failure) [PSYoungGen: 2519552K->288825K(2808832K)] 3175168K->944450K(4979712K), 0.0998067 secs] [Times: user=2.90 sys=0.07, real=0.10 secs] 
2020-02-19T00:32:15.573+0800: [GC (Allocation Failure) [PSYoungGen: 2808377K->480240K(2640896K)] 3464002K->1471271K(4811776K), 0.5248517 secs] [Times: user=9.88 sys=11.74, real=0.52 secs] 
2020-02-19T00:32:21.342+0800: [GC (Allocation Failure) [PSYoungGen: 2640880K->106689K(2827776K)] 3631911K->1097729K(4998656K), 0.0256182 secs] [Times: user=0.70 sys=0.00, real=0.02 secs] 
2020-02-19T00:32:27.907+0800: [GC (Allocation Failure) [PSYoungGen: 2267329K->317789K(2774016K)] 3258369K->1308829K(4944896K), 0.1038692 secs] [Times: user=3.15 sys=0.18, real=0.10 secs] 
2020-02-19T00:32:34.559+0800: [GC (Allocation Failure) [PSYoungGen: 2480989K->638973K(2802176K)] 3472029K->1678158K(4973056K), 0.2196657 secs] [Times: user=7.33 sys=1.63, real=0.22 secs] 
2020-02-19T00:32:40.118+0800: [GC (Allocation Failure) [PSYoungGen: 2802173K->130379K(2701824K)] 3841358K->1169564K(4872704K), 0.0648054 secs] [Times: user=1.53 sys=0.00, real=0.07 secs] 
2020-02-19T00:32:46.661+0800: [GC (Allocation Failure) [PSYoungGen: 2139467K->356253K(2752000K)] 3178652K->1395446K(4922880K), 0.1537852 secs] [Times: user=6.26 sys=0.10, real=0.16 secs] 
2020-02-19T00:32:53.175+0800: [GC (Allocation Failure) [PSYoungGen: 2365341K->704509K(2568704K)] 3404534K->1743702K(4739584K), 0.1883353 secs] [Times: user=6.18 sys=0.80, real=0.19 secs] 
2020-02-19T00:32:55.441+0800: [GC (Allocation Failure) [PSYoungGen: 2555901K->171357K(2673152K)] 3595094K->1210558K(4844032K), 0.0332529 secs] [Times: user=1.00 sys=0.02, real=0.04 secs] 
2020-02-19T00:32:56.338+0800: [GC (Allocation Failure) [PSYoungGen: 2022749K->170406K(2617856K)] 3061950K->1209615K(4788736K), 0.0302508 secs] [Times: user=0.93 sys=0.00, real=0.03 secs] 
2020-02-19T00:32:56.784+0800: [GC (Allocation Failure) [PSYoungGen: 2038182K->171138K(2653696K)] 3077391K->1210355K(4824576K), 0.0244648 secs] [Times: user=0.60 sys=0.08, real=0.02 secs] 
2020-02-19T00:32:57.401+0800: [GC (Allocation Failure) [PSYoungGen: 2038914K->170674K(2648064K)] 3078131K->1209891K(4818944K), 0.0256234 secs] [Times: user=0.54 sys=0.02, real=0.02 secs] 
2020-02-19T00:32:58.416+0800: [GC (Allocation Failure) [PSYoungGen: 2115762K->171681K(2685440K)] 3154979K->1210906K(4856320K), 0.0312281 secs] [Times: user=0.87 sys=0.00, real=0.03 secs] 
2020-02-19T00:32:59.010+0800: [GC (Allocation Failure) [PSYoungGen: 2116769K->171758K(2691072K)] 3155994K->1210983K(4861952K), 0.0182075 secs] [Times: user=0.46 sys=0.02, real=0.02 secs] 
2020-02-19T00:32:59.838+0800: [GC (Allocation Failure) [PSYoungGen: 2211054K->170907K(2728960K)] 3250279K->1210132K(4899840K), 0.0237707 secs] [Times: user=0.65 sys=0.04, real=0.03 secs] 
2020-02-19T00:33:00.589+0800: [GC (Allocation Failure) [PSYoungGen: 2210203K->154455K(2746880K)] 3249428K->1210705K(4917760K), 0.0206343 secs] [Times: user=0.44 sys=0.10, real=0.02 secs] 
2020-02-19T00:33:01.632+0800: [GC (Allocation Failure) [PSYoungGen: 2295639K->154113K(2782208K)] 3351889K->1210706K(4953088K), 0.0213552 secs] [Times: user=0.50 sys=0.07, real=0.03 secs] 
2020-02-19T00:33:02.440+0800: [GC (Allocation Failure) [PSYoungGen: 2295297K->153995K(2793984K)] 3351890K->1211500K(4964864K), 0.0241136 secs] [Times: user=0.39 sys=0.07, real=0.03 secs] 
Heap
es: user=0.39 sys=0.07, real=0.03 secs] 
