2020-02-19T00:31:16.851+0800: [GC (Metadata GC Threshold) [PSYoungGen: 387244K->33958K(600576K)] 387244K->34046K(1972736K), 0.0408407 secs] [Times: user=0.24 sys=0.01, real=0.04 secs] 
2020-02-19T00:31:16.892+0800: [Full GC (Metadata GC Threshold) [PSYoungGen: 33958K->0K(600576K)] [ParOldGen: 88K->33045K(937984K)] 34046K->33045K(1538560K), [Metaspace: 20734K->20734K(1067008K)], 0.1363414 secs] [Times: user=2.34 sys=0.05, real=0.14 secs] 
2020-02-19T00:31:19.221+0800: [GC (Allocation Failure) [PSYoungGen: 515072K->85491K(737280K)] 548117K->180980K(1675264K), 0.0802183 secs] [Times: user=2.10 sys=0.24, real=0.09 secs] 
2020-02-19T00:31:19.672+0800: [GC (Allocation Failure) [PSYoungGen: 737267K->85473K(967168K)] 832756K->210863K(1905152K), 0.0311372 secs] [Times: user=0.21 sys=0.14, real=0.04 secs] 
2020-02-19T00:31:20.165+0800: [GC (Allocation Failure) [PSYoungGen: 967137K->500K(1030656K)] 1092527K->252968K(1968640K), 0.0395642 secs] [Times: user=0.17 sys=1.16, real=0.04 secs] 
2020-02-19T00:31:20.675+0800: [GC (Allocation Failure) [PSYoungGen: 1030644K->50923K(1115648K)] 1283112K->303400K(2053632K), 0.0135566 secs] [Times: user=0.25 sys=0.02, real=0.01 secs] 
2020-02-19T00:31:21.194+0800: [GC (Allocation Failure) [PSYoungGen: 1081067K->156610K(1559552K)] 1333544K->409094K(2497536K), 0.1327293 secs] [Times: user=0.24 sys=1.75, real=0.13 secs] 
2020-02-19T00:31:21.935+0800: [GC (Allocation Failure) [PSYoungGen: 1537474K->200189K(1581056K)] 1789958K->474324K(2519040K), 0.1744533 secs] [Times: user=0.52 sys=4.85, real=0.17 secs] 
2020-02-19T00:31:26.451+0800: [GC (Allocation Failure) [PSYoungGen: 1581053K->234491K(2348544K)] 1855188K->519411K(3286528K), 0.0684244 secs] [Times: user=0.28 sys=1.66, real=0.07 secs] 
2020-02-19T00:31:31.395+0800: [GC (Allocation Failure) [PSYoungGen: 2348539K->231671K(2390528K)] 2633459K->517260K(3328512K), 0.0688214 secs] [Times: user=0.34 sys=2.14, real=0.07 secs] 
2020-02-19T00:31:36.330+0800: [GC (Allocation Failure) [PSYoungGen: 2346231K->229156K(2893824K)] 2631820K->514752K(3831808K), 0.0523713 secs] [Times: user=0.31 sys=1.09, real=0.06 secs] 
2020-02-19T00:31:42.493+0800: [GC (Allocation Failure) [PSYoungGen: 2865956K->231950K(2952704K)] 3151552K->517555K(3890688K), 0.0742625 secs] [Times: user=0.21 sys=2.42, real=0.07 secs] 
2020-02-19T00:31:48.559+0800: [GC (Allocation Failure) [PSYoungGen: 2868750K->233415K(3145728K)] 3154355K->519019K(4083712K), 0.0968134 secs] [Times: user=0.31 sys=3.47, real=0.10 secs] 
2020-02-19T00:32:00.697+0800: [GC (Metadata GC Threshold) [PSYoungGen: 788251K->223421K(3040768K)] 1073856K->509033K(3978752K), 0.0714860 secs] [Times: user=0.39 sys=1.40, real=0.07 secs] 
2020-02-19T00:32:00.769+0800: [Full GC (Metadata GC Threshold) [PSYoungGen: 223421K->0K(3040768K)] [ParOldGen: 285612K->484156K(2015232K)] 509033K->484156K(5056000K), [Metaspace: 34764K->34764K(1079296K)], 0.1579913 secs] [Times: user=2.04 sys=0.21, real=0.16 secs] 
2020-02-19T00:32:09.275+0800: [GC (Allocation Failure) [PSYoungGen: 2817024K->342512K(3043840K)] 3301180K->849866K(5059072K), 0.1628035 secs] [Times: user=3.86 sys=2.48, real=0.16 secs] 
2020-02-19T00:32:17.665+0800: [GC (Allocation Failure) [PSYoungGen: 3043824K->396784K(3098112K)] 3551178K->1333057K(5113344K), 0.5671512 secs] [Times: user=7.98 sys=14.66, real=0.56 secs] 
2020-02-19T00:32:25.202+0800: [GC (Allocation Failure) [PSYoungGen: 3098096K->331850K(2685440K)] 4034369K->1268132K(4700672K), 0.1099982 secs] [Times: user=3.98 sys=0.03, real=0.10 secs] 
2020-02-19T00:32:31.871+0800: [GC (Allocation Failure) [PSYoungGen: 2620490K->603133K(2891776K)] 3556772K->1753930K(4907008K), 0.3958647 secs] [Times: user=9.78 sys=6.53, real=0.40 secs] 
2020-02-19T00:32:37.775+0800: [GC (Allocation Failure) [PSYoungGen: 2891773K->38909K(2545664K)] 4042570K->1189714K(4560896K), 0.0378587 secs] [Times: user=1.37 sys=0.01, real=0.04 secs] 
2020-02-19T00:32:43.883+0800: [GC (Allocation Failure) [PSYoungGen: 1981437K->342338K(2718720K)] 3132242K->1493142K(4733952K), 0.1135679 secs] [Times: user=4.49 sys=0.04, real=0.11 secs] 
2020-02-19T00:32:50.198+0800: [GC (Allocation Failure) [PSYoungGen: 2284866K->676093K(2557440K)] 3435670K->1826906K(4572672K), 0.3082649 secs] [Times: user=11.90 sys=0.08, real=0.31 secs] 
2020-02-19T00:32:54.939+0800: [GC (Allocation Failure) [PSYoungGen: 2486525K->30085K(1840640K)] 3637338K->1180906K(3855872K), 0.0143349 secs] [Times: user=0.40 sys=0.01, real=0.02 secs] 
2020-02-19T00:32:55.724+0800: [GC (Allocation Failure) [PSYoungGen: 1840517K->154925K(2680320K)] 2991338K->1305754K(4695552K), 0.1152252 secs] [Times: user=1.85 sys=0.05, real=0.11 secs] 
2020-02-19T00:32:56.545+0800: [GC (Allocation Failure) [PSYoungGen: 1991981K->154229K(1991680K)] 3142810K->1305058K(4006912K), 0.0336901 secs] [Times: user=0.89 sys=0.07, real=0.03 secs] 
2020-02-19T00:32:57.254+0800: [GC (Allocation Failure) [PSYoungGen: 1991285K->155314K(2652160K)] 3142114K->1306143K(4667392K), 0.0225535 secs] [Times: user=0.46 sys=0.04, real=0.02 secs] 
2020-02-19T00:32:57.670+0800: [GC (Allocation Failure) [PSYoungGen: 2022578K->154149K(2621952K)] 3173407K->1305498K(4637184K), 0.0309969 secs] [Times: user=0.54 sys=0.09, real=0.04 secs] 
2020-02-19T00:32:58.571+0800: [GC (Allocation Failure) [PSYoungGen: 2021413K->153470K(2709504K)] 3172762K->1306146K(4724736K), 0.0184339 secs] [Times: user=0.56 sys=0.03, real=0.02 secs] 
2020-02-19T00:32:59.128+0800: [GC (Allocation Failure) [PSYoungGen: 2139006K->153857K(2679296K)] 3291682K->1306822K(4694528K), 0.0168495 secs] [Times: user=0.48 sys=0.04, real=0.02 secs] 
2020-02-19T00:32:59.918+0800: [GC (Allocation Failure) [PSYoungGen: 2139393K->153070K(2769920K)] 3292358K->1306114K(4785152K), 0.0245406 secs] [Times: user=0.68 sys=0.01, real=0.03 secs] 
2020-02-19T00:33:00.554+0800: [GC (Allocation Failure) [PSYoungGen: 2259438K->153083K(2740736K)] 3412482K->1306127K(4755968K), 0.0278882 secs] [Times: user=0.71 sys=0.17, real=0.03 secs] 
2020-02-19T00:33:01.497+0800: [GC (Allocation Failure) [PSYoungGen: 2259451K->153172K(2830336K)] 3412495K->1306241K(4845568K), 0.0202242 secs] [Times: user=0.44 sys=0.00, real=0.02 secs] 
2020-02-19T00:33:02.307+0800: [GC (Allocation Failure) [PSYoungGen: 2377812K->153473K(2802688K)] 3530881K->1306550K(4817920K), 0.0210443 secs] [Times: user=0.54 sys=0.00, real=0.02 secs] 
Heap
 PSYoungGen     mes: user=0.54 sys=0.00, real=0.02 secs] 
